exit()  --   
C:\Program Files\Git\cmd






LENOVO@LAPTOP-JMLQN2LO MINGW64 ~
$ pwd
/c/Users/LENOVO

LENOVO@LAPTOP-JMLQN2LO MINGW64 ~
$ cd C:\Python-Learning

LENOVO@LAPTOP-JMLQN2LO MINGW64 /c/Python-Learning
$ pwd
/c/Python-Learning

LENOVO@LAPTOP-JMLQN2LO MINGW64 /c/Python-Learning
$ git status
fatal: not a git repository (or any of the parent directories): .git

LENOVO@LAPTOP-JMLQN2LO MINGW64 /c/Python-Learning
$ git . add
git: '.' is not a git command. See 'git --help'.

The most similar commands are
        am
        gc
        mv
        p4
        rm

LENOVO@LAPTOP-JMLQN2LO MINGW64 /c/Python-Learning
$ git add .
fatal: not a git repository (or any of the parent directories): .git

LENOVO@LAPTOP-JMLQN2LO MINGW64 /c/Python-Learning
$ cd python

LENOVO@LAPTOP-JMLQN2LO MINGW64 /c/Python-Learning/python (main)
$ git add .

LENOVO@LAPTOP-JMLQN2LO MINGW64 /c/Python-Learning/python (main)
$ git status
On branch main
Your branch is up to date with 'origin/main'.

nothing to commit, working tree clean

LENOVO@LAPTOP-JMLQN2LO MINGW64 /c/Python-Learning/python (main)
$ git status
On branch main
Your branch is up to date with 'origin/main'.

Untracked files:
  (use "git add <file>..." to include in what will be committed)
        demo-checkpoint.ipynb

nothing added to commit but untracked files present (use "git add" to track)

LENOVO@LAPTOP-JMLQN2LO MINGW64 /c/Python-Learning/python (main)
$ git add .
warning: LF will be replaced by CRLF in demo-checkpoint.ipynb.
The file will have its original line endings in your working directory

LENOVO@LAPTOP-JMLQN2LO MINGW64 /c/Python-Learning/python (main)
$ git commit -m "this is demo file"
Author identity unknown

*** Please tell me who you are.

Run

  git config --global user.email "you@example.com"
  git config --global user.name "Your Name"

to set your account's default identity.
Omit --global to set the identity only in this repository.

fatal: unable to auto-detect email address (got 'LENOVO@LAPTOP-JMLQN2LO.(none)')

LENOVO@LAPTOP-JMLQN2LO MINGW64 /c/Python-Learning/python (main)
$ git config --global user.email "kotisoujanya@gmail.com"

LENOVO@LAPTOP-JMLQN2LO MINGW64 /c/Python-Learning/python (main)
$ git config --global user.name "kotisoujanya"

LENOVO@LAPTOP-JMLQN2LO MINGW64 /c/Python-Learning/python (main)
$ git config --global --list
user.email=kotisoujanya@gmail.com
user.name=kotisoujanya

LENOVO@LAPTOP-JMLQN2LO MINGW64 /c/Python-Learning/python (main)
$ git commit -m "this is demo file"
[main b3c2dc7] this is demo file
 1 file changed, 51 insertions(+)
 create mode 100644 demo-checkpoint.ipynb

LENOVO@LAPTOP-JMLQN2LO MINGW64 /c/Python-Learning/python (main)
$ git status
On branch main
Your branch is ahead of 'origin/main' by 1 commit.
  (use "git push" to publish your local commits)

nothing to commit, working tree clean

LENOVO@LAPTOP-JMLQN2LO MINGW64 /c/Python-Learning/python (main)
$ git push origin main
Enumerating objects: 4, done.
Counting objects: 100% (4/4), done.
Delta compression using up to 4 threads
Compressing objects: 100% (3/3), done.
Writing objects: 100% (3/3), 656 bytes | 656.00 KiB/s, done.
Total 3 (delta 0), reused 0 (delta 0), pack-reused 0
To https://github.com/kotisoujanya/Python.git
   d617669..b3c2dc7  main -> main

LENOVO@LAPTOP-JMLQN2LO MINGW64 /c/Python-Learning/python (main)
$ git status
On branch main
Your branch is up to date with 'origin/main'.

nothing to commit, working tree clean

LENOVO@LAPTOP-JMLQN2LO MINGW64 /c/Python-Learning/python (main)
$
